17:29:02 **** Auto Build of configuration Release for project Echo3 ****
make all 
'Building file: ../src/readEtherPoll.c'
'Invoking: ARM gcc compiler'
arm-xilinx-eabi-gcc -Wall -O2 -c -fmessage-length=0 -MT"src/readEtherPoll.o" -I../../standalone_bsp_0/ps7_cortexa9_0/include -MMD -MP -MF"src/readEtherPoll.d" -MT"src/readEtherPoll.d" -o "src/readEtherPoll.o" "../src/readEtherPoll.c"
In file included from ../src/readEtherPoll.c:8:0:
../src/readEtherPoll.h:29:21: warning: 'server_netif' defined but not used [-Wunused-variable]
 static struct netif server_netif;
                     ^
'Finished building: ../src/readEtherPoll.c'
' '
'Building target: Echo3.elf'
'Invoking: ARM gcc linker'
arm-xilinx-eabi-gcc -Wl,-T -Wl,../src/lscript.ld -L../../standalone_bsp_0/ps7_cortexa9_0/lib -o "Echo3.elf"  ./src/echo.o ./src/i2c_access.o ./src/main.o ./src/platform.o ./src/platform_mb.o ./src/platform_ppc.o ./src/platform_zynq.o ./src/platform_zynqmp.o ./src/ps7_init.o ./src/readEtherPoll.o ./src/sfp.o ./src/si5324.o ./src/sockets.o   -Wl,--start-group,-lxil,-lgcc,-lc,--end-group -Wl,--start-group,-lxil,-llwip4,-lgcc,-lc,--end-group
'Finished building target: Echo3.elf'
' '
'Invoking: ARM Print Size'
arm-xilinx-eabi-size Echo3.elf  |tee "Echo3.elf.size"
   text	   data	    bss	    dec	    hex	filename
 174768	  13996	 690252	 879016	  d69a8	Echo3.elf
'Finished building: Echo3.elf.size'
' '

17:29:03 Build Finished (took 749ms)

